Gtk-Message: 14:34:20.011: Failed to load module "appmenu-gtk-module"
Gtk-Message: 14:34:20.116: Failed to load module "appmenu-gtk-module"
